17:23:02 **** Incremental Build of configuration Debug for project Project_LM35 ****
make -j16 all 
arm-none-eabi-gcc "../Core/Src/main.c" -mcpu=cortex-m4 -std=gnu11 -g3 -DDEBUG -DUSE_HAL_DRIVER -DSTM32L476xx -c -I../Core/Inc -I../Drivers/STM32L4xx_HAL_Driver/Inc -I../Drivers/STM32L4xx_HAL_Driver/Inc/Legacy -I../Drivers/CMSIS/Device/ST/STM32L4xx/Include -I../Drivers/CMSIS/Include -O0 -ffunction-sections -fdata-sections -Wall -fstack-usage -fcyclomatic-complexity -MMD -MP -MF"Core/Src/main.d" -MT"Core/Src/main.o" --specs=nano.specs -mfpu=fpv4-sp-d16 -mfloat-abi=hard -mthumb -o "Core/Src/main.o"
arm-none-eabi-gcc -o "Project_LM35.elf" @"objects.list"   -mcpu=cortex-m4 -T"C:\Git_projects\Projects_GIT\STM32\Project_LM35\STM32L476RGTX_FLASH.ld" --specs=nosys.specs -Wl,-Map="Project_LM35.map" -Wl,--gc-sections -static --specs=nano.specs -mfpu=fpv4-sp-d16 -mfloat-abi=hard -mthumb -u _printf_float -Wl,--start-group -lc -lm -Wl,--end-group
Finished building target: Project_LM35.elf
 
arm-none-eabi-size   Project_LM35.elf 
arm-none-eabi-objdump -h -S  Project_LM35.elf  > "Project_LM35.list"
   text	   data	    bss	    dec	    hex	filename
  33996	    484	   1820	  36300	   8dcc	Project_LM35.elf
Finished building: default.size.stdout
 
Finished building: Project_LM35.list
 
17:23:04 **** Incremental Build of configuration Debug for project Project_LM35 ****
make -j16 all 
arm-none-eabi-size   Project_LM35.elf 
   text	   data	    bss	    dec	    hex	filename
  33996	    484	   1820	  36300	   8dcc	Project_LM35.elf
Finished building: default.size.stdout
 
