15:30:03 **** Incremental Build of configuration Debug for project Project_3_Police_Light_PWM ****
make -j16 all 
arm-none-eabi-gcc "../Core/Src/main.c" -mcpu=cortex-m4 -std=gnu11 -g3 -DDEBUG -DUSE_HAL_DRIVER -DSTM32L476xx -c -I../Core/Inc -I../Drivers/STM32L4xx_HAL_Driver/Inc -I../Drivers/STM32L4xx_HAL_Driver/Inc/Legacy -I../Drivers/CMSIS/Device/ST/STM32L4xx/Include -I../Drivers/CMSIS/Include -O0 -ffunction-sections -fdata-sections -Wall -fstack-usage -fcyclomatic-complexity -MMD -MP -MF"Core/Src/main.d" -MT"Core/Src/main.o" --specs=nano.specs -mfpu=fpv4-sp-d16 -mfloat-abi=hard -mthumb -o "Core/Src/main.o"
arm-none-eabi-gcc -o "Project_3_Police_Light_PWM.elf" @"objects.list"   -mcpu=cortex-m4 -T"C:\Git_projects\Projects_GIT\STM32\Project_3_Police_Light_PWM\STM32L476RGTX_FLASH.ld" --specs=nosys.specs -Wl,-Map="Project_3_Police_Light_PWM.map" -Wl,--gc-sections -static --specs=nano.specs -mfpu=fpv4-sp-d16 -mfloat-abi=hard -mthumb -Wl,--start-group -lc -lm -Wl,--end-group
Finished building target: Project_3_Police_Light_PWM.elf
 
arm-none-eabi-size   Project_3_Police_Light_PWM.elf 
arm-none-eabi-objdump -h -S  Project_3_Police_Light_PWM.elf  > "Project_3_Police_Light_PWM.list"
   text	   data	    bss	    dec	    hex	filename
  12720	     20	   1724	  14464	   3880	Project_3_Police_Light_PWM.elf
Finished building: default.size.stdout
 
Finished building: Project_3_Police_Light_PWM.list
 

15:30:03 Build Finished. 0 errors, 0 warnings. (took 599ms)

