Archive member included to satisfy reference by file (symbol)

c:/program files/stm32cubeide_1.12.1/stm32cubeide/plugins/com.st.stm32cube.ide.mcu.externaltools.gnu-tools-for-stm32.10.3-2021.10.win32_1.0.200.202301161003/tools/bin/../lib/gcc/arm-none-eabi/10.3.1/../../../../arm-none-eabi/lib/thumb/v7e-m+fp/hard\libc_nano.a(lib_a-errno.o)
                              ./Core/Src/syscalls.o (__errno)
c:/program files/stm32cubeide_1.12.1/stm32cubeide/plugins/com.st.stm32cube.ide.mcu.externaltools.gnu-tools-for-stm32.10.3-2021.10.win32_1.0.200.202301161003/tools/bin/../lib/gcc/arm-none-eabi/10.3.1/../../../../arm-none-eabi/lib/thumb/v7e-m+fp/hard\libc_nano.a(lib_a-exit.o)
                              c:/program files/stm32cubeide_1.12.1/stm32cubeide/plugins/com.st.stm32cube.ide.mcu.externaltools.gnu-tools-for-stm32.10.3-2021.10.win32_1.0.200.202301161003/tools/bin/../lib/gcc/arm-none-eabi/10.3.1/../../../../arm-none-eabi/lib/thumb/v7e-m+fp/hard/crt0.o (exit)
c:/program files/stm32cubeide_1.12.1/stm32cubeide/plugins/com.st.stm32cube.ide.mcu.externaltools.gnu-tools-for-stm32.10.3-2021.10.win32_1.0.200.202301161003/tools/bin/../lib/gcc/arm-none-eabi/10.3.1/../../../../arm-none-eabi/lib/thumb/v7e-m+fp/hard\libc_nano.a(lib_a-impure.o)
                              c:/program files/stm32cubeide_1.12.1/stm32cubeide/plugins/com.st.stm32cube.ide.mcu.externaltools.gnu-tools-for-stm32.10.3-2021.10.win32_1.0.200.202301161003/tools/bin/../lib/gcc/arm-none-eabi/10.3.1/../../../../arm-none-eabi/lib/thumb/v7e-m+fp/hard\libc_nano.a(lib_a-exit.o) (_global_impure_ptr)
c:/program files/stm32cubeide_1.12.1/stm32cubeide/plugins/com.st.stm32cube.ide.mcu.externaltools.gnu-tools-for-stm32.10.3-2021.10.win32_1.0.200.202301161003/tools/bin/../lib/gcc/arm-none-eabi/10.3.1/../../../../arm-none-eabi/lib/thumb/v7e-m+fp/hard\libc_nano.a(lib_a-init.o)
                              c:/program files/stm32cubeide_1.12.1/stm32cubeide/plugins/com.st.stm32cube.ide.mcu.externaltools.gnu-tools-for-stm32.10.3-2021.10.win32_1.0.200.202301161003/tools/bin/../lib/gcc/arm-none-eabi/10.3.1/../../../../arm-none-eabi/lib/thumb/v7e-m+fp/hard/crt0.o (__libc_init_array)
c:/program files/stm32cubeide_1.12.1/stm32cubeide/plugins/com.st.stm32cube.ide.mcu.externaltools.gnu-tools-for-stm32.10.3-2021.10.win32_1.0.200.202301161003/tools/bin/../lib/gcc/arm-none-eabi/10.3.1/../../../../arm-none-eabi/lib/thumb/v7e-m+fp/hard\libc_nano.a(lib_a-memset.o)
                              c:/program files/stm32cubeide_1.12.1/stm32cubeide/plugins/com.st.stm32cube.ide.mcu.externaltools.gnu-tools-for-stm32.10.3-2021.10.win32_1.0.200.202301161003/tools/bin/../lib/gcc/arm-none-eabi/10.3.1/../../../../arm-none-eabi/lib/thumb/v7e-m+fp/hard/crt0.o (memset)

Discarded input sections

 .text          0x0000000000000000        0x0 c:/program files/stm32cubeide_1.12.1/stm32cubeide/plugins/com.st.stm32cube.ide.mcu.externaltools.gnu-tools-for-stm32.10.3-2021.10.win32_1.0.200.202301161003/tools/bin/../lib/gcc/arm-none-eabi/10.3.1/thumb/v7e-m+fp/hard/crti.o
 .data          0x0000000000000000        0x0 c:/program files/stm32cubeide_1.12.1/stm32cubeide/plugins/com.st.stm32cube.ide.mcu.externaltools.gnu-tools-for-stm32.10.3-2021.10.win32_1.0.200.202301161003/tools/bin/../lib/gcc/arm-none-eabi/10.3.1/thumb/v7e-m+fp/hard/crti.o
 .bss           0x0000000000000000        0x0 c:/program files/stm32cubeide_1.12.1/stm32cubeide/plugins/com.st.stm32cube.ide.mcu.externaltools.gnu-tools-for-stm32.10.3-2021.10.win32_1.0.200.202301161003/tools/bin/../lib/gcc/arm-none-eabi/10.3.1/thumb/v7e-m+fp/hard/crti.o
 .data          0x0000000000000000        0x4 c:/program files/stm32cubeide_1.12.1/stm32cubeide/plugins/com.st.stm32cube.ide.mcu.externaltools.gnu-tools-for-stm32.10.3-2021.10.win32_1.0.200.202301161003/tools/bin/../lib/gcc/arm-none-eabi/10.3.1/thumb/v7e-m+fp/hard/crtbegin.o
 .rodata        0x0000000000000000       0x24 c:/program files/stm32cubeide_1.12.1/stm32cubeide/plugins/com.st.stm32cube.ide.mcu.externaltools.gnu-tools-for-stm32.10.3-2021.10.win32_1.0.200.202301161003/tools/bin/../lib/gcc/arm-none-eabi/10.3.1/thumb/v7e-m+fp/hard/crtbegin.o
 .text          0x0000000000000000       0x7c c:/program files/stm32cubeide_1.12.1/stm32cubeide/plugins/com.st.stm32cube.ide.mcu.externaltools.gnu-tools-for-stm32.10.3-2021.10.win32_1.0.200.202301161003/tools/bin/../lib/gcc/arm-none-eabi/10.3.1/../../../../arm-none-eabi/lib/thumb/v7e-m+fp/hard/crt0.o
 .data          0x0000000000000000        0x0 c:/program files/stm32cubeide_1.12.1/stm32cubeide/plugins/com.st.stm32cube.ide.mcu.externaltools.gnu-tools-for-stm32.10.3-2021.10.win32_1.0.200.202301161003/tools/bin/../lib/gcc/arm-none-eabi/10.3.1/../../../../arm-none-eabi/lib/thumb/v7e-m+fp/hard/crt0.o
[...]
Memory Configuration

Name             Origin             Length             Attributes
RAM              0x0000000020000000 0x0000000000018000 xrw
RAM2             0x0000000010000000 0x0000000000008000 xrw
FLASH            0x0000000008000000 0x0000000000100000 xr
*default*        0x0000000000000000 0xffffffffffffffff

Linker script and memory map

LOAD c:/program files/stm32cubeide_1.12.1/stm32cubeide/plugins/com.st.stm32cube.ide.mcu.externaltools.gnu-tools-for-stm32.10.3-2021.10.win32_1.0.200.202301161003/tools/bin/../lib/gcc/arm-none-eabi/10.3.1/thumb/v7e-m+fp/hard/crti.o
LOAD c:/program files/stm32cubeide_1.12.1/stm32cubeide/plugins/com.st.stm32cube.ide.mcu.externaltools.gnu-tools-for-stm32.10.3-2021.10.win32_1.0.200.202301161003/tools/bin/../lib/gcc/arm-none-eabi/10.3.1/thumb/v7e-m+fp/hard/crtbegin.o
LOAD c:/program files/stm32cubeide_1.12.1/stm32cubeide/plugins/com.st.stm32cube.ide.mcu.externaltools.gnu-tools-for-stm32.10.3-2021.10.win32_1.0.200.202301161003/tools/bin/../lib/gcc/arm-none-eabi/10.3.1/../../../../arm-none-eabi/lib/thumb/v7e-m+fp/hard/crt0.o
LOAD ./Core/Src/main.o
LOAD ./Core/Src/stm32l4xx_hal_msp.o
LOAD ./Core/Src/stm32l4xx_it.o
LOAD ./Core/Src/syscalls.o
LOAD ./Core/Src/sysmem.o
LOAD ./Core/Src/system_stm32l4xx.o
LOAD ./Core/Startup/startup_stm32l476rgtx.o
LOAD ./Drivers/STM32L4xx_HAL_Driver/Src/stm32l4xx_hal.o
LOAD ./Drivers/STM32L4xx_HAL_Driver/Src/stm32l4xx_hal_cortex.o
LOAD ./Drivers/STM32L4xx_HAL_Driver/Src/stm32l4xx_hal_dma.o
LOAD ./Drivers/STM32L4xx_HAL_Driver/Src/stm32l4xx_hal_dma_ex.o
LOAD ./Drivers/STM32L4xx_HAL_Driver/Src/stm32l4xx_hal_exti.o
LOAD ./Drivers/STM32L4xx_HAL_Driver/Src/stm32l4xx_hal_flash.o
LOAD ./Drivers/STM32L4xx_HAL_Driver/Src/stm32l4xx_hal_flash_ex.o
LOAD ./Drivers/STM32L4xx_HAL_Driver/Src/stm32l4xx_hal_flash_ramfunc.o
LOAD ./Drivers/STM32L4xx_HAL_Driver/Src/stm32l4xx_hal_gpio.o
LOAD ./Drivers/STM32L4xx_HAL_Driver/Src/stm32l4xx_hal_pwr.o
LOAD ./Drivers/STM32L4xx_HAL_Driver/Src/stm32l4xx_hal_pwr_ex.o
LOAD ./Drivers/STM32L4xx_HAL_Driver/Src/stm32l4xx_hal_rcc.o
LOAD ./Drivers/STM32L4xx_HAL_Driver/Src/stm32l4xx_hal_rcc_ex.o
LOAD ./Drivers/STM32L4xx_HAL_Driver/Src/stm32l4xx_hal_tim.o
LOAD ./Drivers/STM32L4xx_HAL_Driver/Src/stm32l4xx_hal_tim_ex.o
START GROUP
LOAD c:/program files/stm32cubeide_1.12.1/stm32cubeide/plugins/com.st.stm32cube.ide.mcu.externaltools.gnu-tools-for-stm32.10.3-2021.10.win32_1.0.200.202301161003/tools/bin/../lib/gcc/arm-none-eabi/10.3.1/../../../../arm-none-eabi/lib/thumb/v7e-m+fp/hard\libc_nano.a
LOAD c:/program files/stm32cubeide_1.12.1/stm32cubeide/plugins/com.st.stm32cube.ide.mcu.externaltools.gnu-tools-for-stm32.10.3-2021.10.win32_1.0.200.202301161003/tools/bin/../lib/gcc/arm-none-eabi/10.3.1/../../../../arm-none-eabi/lib/thumb/v7e-m+fp/hard\libm.a
END GROUP
START GROUP
LOAD c:/program files/stm32cubeide_1.12.1/stm32cubeide/plugins/com.st.stm32cube.ide.mcu.externaltools.gnu-tools-for-stm32.10.3-2021.10.win32_1.0.200.202301161003/tools/bin/../lib/gcc/arm-none-eabi/10.3.1/thumb/v7e-m+fp/hard\libgcc.a
LOAD c:/program files/stm32cubeide_1.12.1/stm32cubeide/plugins/com.st.stm32cube.ide.mcu.externaltools.gnu-tools-for-stm32.10.3-2021.10.win32_1.0.200.202301161003/tools/bin/../lib/gcc/arm-none-eabi/10.3.1/../../../../arm-none-eabi/lib/thumb/v7e-m+fp/hard\libc_nano.a
END GROUP
START GROUP
LOAD c:/program files/stm32cubeide_1.12.1/stm32cubeide/plugins/com.st.stm32cube.ide.mcu.externaltools.gnu-tools-for-stm32.10.3-2021.10.win32_1.0.200.202301161003/tools/bin/../lib/gcc/arm-none-eabi/10.3.1/thumb/v7e-m+fp/hard\libgcc.a
LOAD c:/program files/stm32cubeide_1.12.1/stm32cubeide/plugins/com.st.stm32cube.ide.mcu.externaltools.gnu-tools-for-stm32.10.3-2021.10.win32_1.0.200.202301161003/tools/bin/../lib/gcc/arm-none-eabi/10.3.1/../../../../arm-none-eabi/lib/thumb/v7e-m+fp/hard\libc_nano.a
LOAD c:/program files/stm32cubeide_1.12.1/stm32cubeide/plugins/com.st.stm32cube.ide.mcu.externaltools.gnu-tools-for-stm32.10.3-2021.10.win32_1.0.200.202301161003/tools/bin/../lib/gcc/arm-none-eabi/10.3.1/../../../../arm-none-eabi/lib/thumb/v7e-m+fp/hard\libnosys.a
END GROUP
START GROUP
LOAD c:/program files/stm32cubeide_1.12.1/stm32cubeide/plugins/com.st.stm32cube.ide.mcu.externaltools.gnu-tools-for-stm32.10.3-2021.10.win32_1.0.200.202301161003/tools/bin/../lib/gcc/arm-none-eabi/10.3.1/thumb/v7e-m+fp/hard\libgcc.a
LOAD c:/program files/stm32cubeide_1.12.1/stm32cubeide/plugins/com.st.stm32cube.ide.mcu.externaltools.gnu-tools-for-stm32.10.3-2021.10.win32_1.0.200.202301161003/tools/bin/../lib/gcc/arm-none-eabi/10.3.1/../../../../arm-none-eabi/lib/thumb/v7e-m+fp/hard\libc_nano.a
LOAD c:/program files/stm32cubeide_1.12.1/stm32cubeide/plugins/com.st.stm32cube.ide.mcu.externaltools.gnu-tools-for-stm32.10.3-2021.10.win32_1.0.200.202301161003/tools/bin/../lib/gcc/arm-none-eabi/10.3.1/../../../../arm-none-eabi/lib/thumb/v7e-m+fp/hard\libnosys.a
END GROUP
LOAD c:/program files/stm32cubeide_1.12.1/stm32cubeide/plugins/com.st.stm32cube.ide.mcu.externaltools.gnu-tools-for-stm32.10.3-2021.10.win32_1.0.200.202301161003/tools/bin/../lib/gcc/arm-none-eabi/10.3.1/thumb/v7e-m+fp/hard/crtend.o
LOAD c:/program files/stm32cubeide_1.12.1/stm32cubeide/plugins/com.st.stm32cube.ide.mcu.externaltools.gnu-tools-for-stm32.10.3-2021.10.win32_1.0.200.202301161003/tools/bin/../lib/gcc/arm-none-eabi/10.3.1/thumb/v7e-m+fp/hard/crtn.o
                0x0000000020018000                _estack = (ORIGIN (RAM) + LENGTH (RAM))
                0x0000000000000200                _Min_Heap_Size = 0x200
                0x0000000000000400                _Min_Stack_Size = 0x400

.isr_vector     0x0000000008000000      0x188
                0x0000000008000000                . = ALIGN (0x4)
 *(.isr_vector)
 .isr_vector    0x0000000008000000      0x188 ./Core/Startup/startup_stm32l476rgtx.o
                0x0000000008000000                g_pfnVectors
                0x0000000008000188                . = ALIGN (0x4)

.text           0x0000000008000188     0x2d78
                0x0000000008000188                . = ALIGN (0x4)
 *(.text)
 .text          0x0000000008000188       0x40 c:/program files/stm32cubeide_1.12.1/stm32cubeide/plugins/com.st.stm32cube.ide.mcu.externaltools.gnu-tools-for-stm32.10.3-2021.10.win32_1.0.200.202301161003/tools/bin/../lib/gcc/arm-none-eabi/10.3.1/thumb/v7e-m+fp/hard/crtbegin.o
 *(.text*)
 .text.HAL_TIM_PeriodElapsedCallback
                0x00000000080001c8       0x44 ./Core/Src/main.o
                0x00000000080001c8                HAL_TIM_PeriodElapsedCallback
 .text.HAL_TIM_OC_DelayElapsedCallback
                0x000000000800020c       0x64 ./Core/Src/main.o
                0x000000000800020c                HAL_TIM_OC_DelayElapsedCallback
 .text.main     0x0000000008000270       0x40 ./Core/Src/main.o
                0x0000000008000270                main
 .text.SystemClock_Config
                0x00000000080002b0       0xa2 ./Core/Src/main.o
                0x00000000080002b0                SystemClock_Config
 *fill*         0x0000000008000352        0x2 
 .text.MX_TIM3_Init
                0x0000000008000354      0x124 ./Core/Src/main.o
 .text.MX_TIM4_Init
                0x0000000008000478       0xb4 ./Core/Src/main.o
 .text.MX_GPIO_Init
                0x000000000800052c       0xdc ./Core/Src/main.o
 .text.Error_Handler
                0x0000000008000608        0xa ./Core/Src/main.o
                0x0000000008000608                Error_Handler
 *fill*         0x0000000008000612        0x2 
 .text.HAL_MspInit
                0x0000000008000614       0x48 ./Core/Src/stm32l4xx_hal_msp.o
                0x0000000008000614                HAL_MspInit
 .text.HAL_TIM_Base_MspInit
                0x000000000800065c       0x4c ./Core/Src/stm32l4xx_hal_msp.o
                0x000000000800065c                HAL_TIM_Base_MspInit
 .text.HAL_TIM_OC_MspInit
                0x00000000080006a8       0x4c ./Core/Src/stm32l4xx_hal_msp.o
                0x00000000080006a8                HAL_TIM_OC_MspInit
 .text.NMI_Handler
                0x00000000080006f4        0x6 ./Core/Src/stm32l4xx_it.o
                0x00000000080006f4                NMI_Handler
 .text.HardFault_Handler
                0x00000000080006fa        0x6 ./Core/Src/stm32l4xx_it.o
                0x00000000080006fa                HardFault_Handler
 .text.MemManage_Handler
                0x0000000008000700        0x6 ./Core/Src/stm32l4xx_it.o
                0x0000000008000700                MemManage_Handler
 .text.BusFault_Handler
                0x0000000008000706        0x6 ./Core/Src/stm32l4xx_it.o
                0x0000000008000706                BusFault_Handler
 .text.UsageFault_Handler
                0x000000000800070c        0x6 ./Core/Src/stm32l4xx_it.o
                0x000000000800070c                UsageFault_Handler
 .text.SVC_Handler
                0x0000000008000712        0xe ./Core/Src/stm32l4xx_it.o
                0x0000000008000712                SVC_Handler
 .text.DebugMon_Handler
                0x0000000008000720        0xe ./Core/Src/stm32l4xx_it.o
                0x0000000008000720                DebugMon_Handler
 .text.PendSV_Handler
                0x000000000800072e        0xe ./Core/Src/stm32l4xx_it.o
                0x000000000800072e                PendSV_Handler
 .text.SysTick_Handler
                0x000000000800073c        0xc ./Core/Src/stm32l4xx_it.o
                0x000000000800073c                SysTick_Handler
 .text.TIM3_IRQHandler
                0x0000000008000748       0x14 ./Core/Src/stm32l4xx_it.o
                0x0000000008000748                TIM3_IRQHandler
 .text.TIM4_IRQHandler
                0x000000000800075c       0x14 ./Core/Src/stm32l4xx_it.o
                0x000000000800075c                TIM4_IRQHandler
 .text.SystemInit
                0x0000000008000770       0x24 ./Core/Src/system_stm32l4xx.o
                0x0000000008000770                SystemInit
 .text.Reset_Handler
                0x0000000008000794       0x50 ./Core/Startup/startup_stm32l476rgtx.o
                0x0000000008000794                Reset_Handler
 .text.Default_Handler
                0x00000000080007e4        0x2 ./Core/Startup/startup_stm32l476rgtx.o
                0x00000000080007e4                RTC_Alarm_IRQHandler
                0x00000000080007e4                EXTI2_IRQHandler
                0x00000000080007e4                TIM8_TRG_COM_IRQHandler
                0x00000000080007e4                TIM8_CC_IRQHandler
                0x00000000080007e4                TIM1_CC_IRQHandler
                0x00000000080007e4                TSC_IRQHandler
                0x00000000080007e4                TAMP_STAMP_IRQHandler
                0x00000000080007e4                EXTI3_IRQHandler
                0x00000000080007e4                LPTIM2_IRQHandler
                0x00000000080007e4                DFSDM1_FLT1_IRQHandler
                0x00000000080007e4                I2C3_ER_IRQHandler
                0x00000000080007e4                DFSDM1_FLT2_IRQHandler
                0x00000000080007e4                EXTI0_IRQHandler
                0x00000000080007e4                I2C2_EV_IRQHandler
                0x00000000080007e4                CAN1_RX0_IRQHandler
                0x00000000080007e4                FPU_IRQHandler
                0x00000000080007e4                TIM1_UP_TIM16_IRQHandler
                0x00000000080007e4                ADC1_2_IRQHandler
                0x00000000080007e4                SPI1_IRQHandler
                0x00000000080007e4                TIM6_DAC_IRQHandler
                0x00000000080007e4                TIM8_UP_IRQHandler
                0x00000000080007e4                DMA2_Channel2_IRQHandler
                0x00000000080007e4                DMA1_Channel4_IRQHandler
                0x00000000080007e4                SAI2_IRQHandler
                0x00000000080007e4                DFSDM1_FLT3_IRQHandler
                0x00000000080007e4                USART3_IRQHandler
                0x00000000080007e4                DMA1_Channel7_IRQHandler
                0x00000000080007e4                CAN1_RX1_IRQHandler
                0x00000000080007e4                LCD_IRQHandler
                0x00000000080007e4                UART5_IRQHandler
                0x00000000080007e4                ADC3_IRQHandler
                0x00000000080007e4                DMA2_Channel1_IRQHandler
                0x00000000080007e4                QUADSPI_IRQHandler
                0x00000000080007e4                I2C1_EV_IRQHandler
                0x00000000080007e4                DMA1_Channel6_IRQHandler
                0x00000000080007e4                UART4_IRQHandler
                0x00000000080007e4                DMA2_Channel4_IRQHandler
                0x00000000080007e4                RCC_IRQHandler
                0x00000000080007e4                DMA1_Channel1_IRQHandler
                0x00000000080007e4                Default_Handler
                0x00000000080007e4                DMA2_Channel7_IRQHandler
                0x00000000080007e4                EXTI15_10_IRQHandler
                0x00000000080007e4                TIM7_IRQHandler
                0x00000000080007e4                SDMMC1_IRQHandler
                0x00000000080007e4                TIM5_IRQHandler
                0x00000000080007e4                I2C3_EV_IRQHandler
                0x00000000080007e4                EXTI9_5_IRQHandler
                0x00000000080007e4                RTC_WKUP_IRQHandler
                0x00000000080007e4                PVD_PVM_IRQHandler
                0x00000000080007e4                SPI2_IRQHandler
                0x00000000080007e4                CAN1_TX_IRQHandler
                0x00000000080007e4                DMA2_Channel5_IRQHandler
                0x00000000080007e4                DMA1_Channel5_IRQHandler
                0x00000000080007e4                EXTI4_IRQHandler
                0x00000000080007e4                RNG_IRQHandler
                0x00000000080007e4                TIM1_TRG_COM_TIM17_IRQHandler
                0x00000000080007e4                DMA1_Channel3_IRQHandler
                0x00000000080007e4                COMP_IRQHandler
                0x00000000080007e4                WWDG_IRQHandler
                0x00000000080007e4                LPUART1_IRQHandler
                0x00000000080007e4                DMA2_Channel6_IRQHandler
                0x00000000080007e4                TIM2_IRQHandler
                0x00000000080007e4                EXTI1_IRQHandler
                0x00000000080007e4                USART2_IRQHandler
                0x00000000080007e4                DFSDM1_FLT0_IRQHandler
                0x00000000080007e4                I2C2_ER_IRQHandler
                0x00000000080007e4                DMA1_Channel2_IRQHandler
                0x00000000080007e4                TIM8_BRK_IRQHandler
                0x00000000080007e4                CAN1_SCE_IRQHandler
                0x00000000080007e4                FLASH_IRQHandler
                0x00000000080007e4                USART1_IRQHandler
                0x00000000080007e4                OTG_FS_IRQHandler
                0x00000000080007e4                SPI3_IRQHandler
                0x00000000080007e4                I2C1_ER_IRQHandler
                0x00000000080007e4                FMC_IRQHandler
                0x00000000080007e4                SWPMI1_IRQHandler
                0x00000000080007e4                LPTIM1_IRQHandler
                0x00000000080007e4                SAI1_IRQHandler
                0x00000000080007e4                DMA2_Channel3_IRQHandler
                0x00000000080007e4                TIM1_BRK_TIM15_IRQHandler
 *fill*         0x00000000080007e6        0x2 
 .text.HAL_Init
                0x00000000080007e8       0x40 ./Drivers/STM32L4xx_HAL_Driver/Src/stm32l4xx_hal.o
                0x00000000080007e8                HAL_Init
 .text.HAL_InitTick
                0x0000000008000828       0x78 ./Drivers/STM32L4xx_HAL_Driver/Src/stm32l4xx_hal.o
                0x0000000008000828                HAL_InitTick
 .text.HAL_IncTick
                0x00000000080008a0       0x28 ./Drivers/STM32L4xx_HAL_Driver/Src/stm32l4xx_hal.o
                0x00000000080008a0                HAL_IncTick
 .text.HAL_GetTick
                0x00000000080008c8       0x18 ./Drivers/STM32L4xx_HAL_Driver/Src/stm32l4xx_hal.o
                0x00000000080008c8                HAL_GetTick
 .text.__NVIC_SetPriorityGrouping
                0x00000000080008e0       0x48 ./Drivers/STM32L4xx_HAL_Driver/Src/stm32l4xx_hal_cortex.o
 .text.__NVIC_GetPriorityGrouping
                0x0000000008000928       0x1c ./Drivers/STM32L4xx_HAL_Driver/Src/stm32l4xx_hal_cortex.o
 .text.__NVIC_EnableIRQ
                0x0000000008000944       0x3c ./Drivers/STM32L4xx_HAL_Driver/Src/stm32l4xx_hal_cortex.o
 .text.__NVIC_SetPriority
                0x0000000008000980       0x54 ./Drivers/STM32L4xx_HAL_Driver/Src/stm32l4xx_hal_cortex.o
 .text.NVIC_EncodePriority
                0x00000000080009d4       0x66 ./Drivers/STM32L4xx_HAL_Driver/Src/stm32l4xx_hal_cortex.o
 *fill*         0x0000000008000a3a        0x2 
 .text.SysTick_Config
                0x0000000008000a3c       0x44 ./Drivers/STM32L4xx_HAL_Driver/Src/stm32l4xx_hal_cortex.o
 .text.HAL_NVIC_SetPriorityGrouping
                0x0000000008000a80       0x16 ./Drivers/STM32L4xx_HAL_Driver/Src/stm32l4xx_hal_cortex.o
                0x0000000008000a80                HAL_NVIC_SetPriorityGrouping
 .text.HAL_NVIC_SetPriority
                0x0000000008000a96       0x38 ./Drivers/STM32L4xx_HAL_Driver/Src/stm32l4xx_hal_cortex.o
                0x0000000008000a96                HAL_NVIC_SetPriority
 .text.HAL_NVIC_EnableIRQ
                0x0000000008000ace       0x1c ./Drivers/STM32L4xx_HAL_Driver/Src/stm32l4xx_hal_cortex.o
                0x0000000008000ace                HAL_NVIC_EnableIRQ
 .text.HAL_SYSTICK_Config
                0x0000000008000aea       0x18 ./Drivers/STM32L4xx_HAL_Driver/Src/stm32l4xx_hal_cortex.o
                0x0000000008000aea                HAL_SYSTICK_Config
 *fill*         0x0000000008000b02        0x2 
 .text.HAL_GPIO_Init
                0x0000000008000b04      0x354 ./Drivers/STM32L4xx_HAL_Driver/Src/stm32l4xx_hal_gpio.o
                0x0000000008000b04                HAL_GPIO_Init
 .text.HAL_GPIO_WritePin
                0x0000000008000e58       0x30 ./Drivers/STM32L4xx_HAL_Driver/Src/stm32l4xx_hal_gpio.o
                0x0000000008000e58                HAL_GPIO_WritePin
 .text.HAL_PWREx_GetVoltageRange
                0x0000000008000e88       0x1c ./Drivers/STM32L4xx_HAL_Driver/Src/stm32l4xx_hal_pwr_ex.o
                0x0000000008000e88                HAL_PWREx_GetVoltageRange
 .text.HAL_PWREx_ControlVoltageScaling
                0x0000000008000ea4       0xac ./Drivers/STM32L4xx_HAL_Driver/Src/stm32l4xx_hal_pwr_ex.o
                0x0000000008000ea4                HAL_PWREx_ControlVoltageScaling
 .text.HAL_RCC_OscConfig
                0x0000000008000f50      0x7b8 ./Drivers/STM32L4xx_HAL_Driver/Src/stm32l4xx_hal_rcc.o
                0x0000000008000f50                HAL_RCC_OscConfig
 .text.HAL_RCC_ClockConfig
                0x0000000008001708      0x200 ./Drivers/STM32L4xx_HAL_Driver/Src/stm32l4xx_hal_rcc.o
                0x0000000008001708                HAL_RCC_ClockConfig
 .text.HAL_RCC_GetSysClockFreq
                0x0000000008001908      0x118 ./Drivers/STM32L4xx_HAL_Driver/Src/stm32l4xx_hal_rcc.o
                0x0000000008001908                HAL_RCC_GetSysClockFreq
 .text.RCC_SetFlashLatencyFromMSIRange
                0x0000000008001a20       0xc0 ./Drivers/STM32L4xx_HAL_Driver/Src/stm32l4xx_hal_rcc.o
 .text.HAL_TIM_Base_Init
                0x0000000008001ae0       0xae ./Drivers/STM32L4xx_HAL_Driver/Src/stm32l4xx_hal_tim.o
                0x0000000008001ae0                HAL_TIM_Base_Init
 *fill*         0x0000000008001b8e        0x2 
 .text.HAL_TIM_Base_Start_IT
                0x0000000008001b90       0xe0 ./Drivers/STM32L4xx_HAL_Driver/Src/stm32l4xx_hal_tim.o
                0x0000000008001b90                HAL_TIM_Base_Start_IT
 .text.HAL_TIM_OC_Init
                0x0000000008001c70       0xae ./Drivers/STM32L4xx_HAL_Driver/Src/stm32l4xx_hal_tim.o
                0x0000000008001c70                HAL_TIM_OC_Init
 *fill*         0x0000000008001d1e        0x2 
 .text.HAL_TIM_OC_Start_IT
                0x0000000008001d20      0x2a8 ./Drivers/STM32L4xx_HAL_Driver/Src/stm32l4xx_hal_tim.o
                0x0000000008001d20                HAL_TIM_OC_Start_IT
 .text.HAL_TIM_IRQHandler
                0x0000000008001fc8      0x23e ./Drivers/STM32L4xx_HAL_Driver/Src/stm32l4xx_hal_tim.o
                0x0000000008001fc8                HAL_TIM_IRQHandler
 *fill*         0x0000000008002206        0x2 
 .text.HAL_TIM_OC_ConfigChannel
                0x0000000008002208       0xf4 ./Drivers/STM32L4xx_HAL_Driver/Src/stm32l4xx_hal_tim.o
                0x0000000008002208                HAL_TIM_OC_ConfigChannel
 .text.HAL_TIM_ConfigClockSource
                0x00000000080022fc      0x192 ./Drivers/STM32L4xx_HAL_Driver/Src/stm32l4xx_hal_tim.o
                0x00000000080022fc                HAL_TIM_ConfigClockSource
 .text.HAL_TIM_IC_CaptureCallback
                0x000000000800248e       0x14 ./Drivers/STM32L4xx_HAL_Driver/Src/stm32l4xx_hal_tim.o
                0x000000000800248e                HAL_TIM_IC_CaptureCallback
 .text.HAL_TIM_PWM_PulseFinishedCallback
                0x00000000080024a2       0x14 ./Drivers/STM32L4xx_HAL_Driver/Src/stm32l4xx_hal_tim.o
                0x00000000080024a2                HAL_TIM_PWM_PulseFinishedCallback
 .text.HAL_TIM_TriggerCallback
                0x00000000080024b6       0x14 ./Drivers/STM32L4xx_HAL_Driver/Src/stm32l4xx_hal_tim.o
                0x00000000080024b6                HAL_TIM_TriggerCallback
 .text.HAL_TIM_GetActiveChannel
                0x00000000080024ca       0x18 ./Drivers/STM32L4xx_HAL_Driver/Src/stm32l4xx_hal_tim.o
                0x00000000080024ca                HAL_TIM_GetActiveChannel
 *fill*         0x00000000080024e2        0x2 
 .text.TIM_Base_SetConfig
                0x00000000080024e4      0x134 ./Drivers/STM32L4xx_HAL_Driver/Src/stm32l4xx_hal_tim.o
                0x00000000080024e4                TIM_Base_SetConfig
 .text.TIM_OC1_SetConfig
                0x0000000008002618      0x120 ./Drivers/STM32L4xx_HAL_Driver/Src/stm32l4xx_hal_tim.o
 .text.TIM_OC2_SetConfig
                0x0000000008002738      0x114 ./Drivers/STM32L4xx_HAL_Driver/Src/stm32l4xx_hal_tim.o
                0x0000000008002738                TIM_OC2_SetConfig
 .text.TIM_OC3_SetConfig
                0x000000000800284c      0x110 ./Drivers/STM32L4xx_HAL_Driver/Src/stm32l4xx_hal_tim.o
 .text.TIM_OC4_SetConfig
                0x000000000800295c       0xd4 ./Drivers/STM32L4xx_HAL_Driver/Src/stm32l4xx_hal_tim.o
 .text.TIM_OC5_SetConfig
                0x0000000008002a30       0xc8 ./Drivers/STM32L4xx_HAL_Driver/Src/stm32l4xx_hal_tim.o
 .text.TIM_OC6_SetConfig
                0x0000000008002af8       0xcc ./Drivers/STM32L4xx_HAL_Driver/Src/stm32l4xx_hal_tim.o
 .text.TIM_TI1_ConfigInputStage
                0x0000000008002bc4       0x5e ./Drivers/STM32L4xx_HAL_Driver/Src/stm32l4xx_hal_tim.o
 .text.TIM_TI2_ConfigInputStage
                0x0000000008002c22       0x60 ./Drivers/STM32L4xx_HAL_Driver/Src/stm32l4xx_hal_tim.o
 .text.TIM_ITRx_SetConfig
                0x0000000008002c82       0x36 ./Drivers/STM32L4xx_HAL_Driver/Src/stm32l4xx_hal_tim.o
 .text.TIM_ETR_SetConfig
                0x0000000008002cb8       0x40 ./Drivers/STM32L4xx_HAL_Driver/Src/stm32l4xx_hal_tim.o
                0x0000000008002cb8                TIM_ETR_SetConfig
 .text.TIM_CCxChannelCmd
                0x0000000008002cf8       0x4a ./Drivers/STM32L4xx_HAL_Driver/Src/stm32l4xx_hal_tim.o
                0x0000000008002cf8                TIM_CCxChannelCmd
 *fill*         0x0000000008002d42        0x2 
 .text.HAL_TIMEx_MasterConfigSynchronization
                0x0000000008002d44      0x110 ./Drivers/STM32L4xx_HAL_Driver/Src/stm32l4xx_hal_tim_ex.o
                0x0000000008002d44                HAL_TIMEx_MasterConfigSynchronization
 .text.HAL_TIMEx_CommutCallback
                0x0000000008002e54       0x14 ./Drivers/STM32L4xx_HAL_Driver/Src/stm32l4xx_hal_tim_ex.o
                0x0000000008002e54                HAL_TIMEx_CommutCallback
 .text.HAL_TIMEx_BreakCallback
                0x0000000008002e68       0x14 ./Drivers/STM32L4xx_HAL_Driver/Src/stm32l4xx_hal_tim_ex.o
                0x0000000008002e68                HAL_TIMEx_BreakCallback
 .text.HAL_TIMEx_Break2Callback
                0x0000000008002e7c       0x14 ./Drivers/STM32L4xx_HAL_Driver/Src/stm32l4xx_hal_tim_ex.o
                0x0000000008002e7c                HAL_TIMEx_Break2Callback
 .text.__libc_init_array
                0x0000000008002e90       0x48 c:/program files/stm32cubeide_1.12.1/stm32cubeide/plugins/com.st.stm32cube.ide.mcu.externaltools.gnu-tools-for-stm32.10.3-2021.10.win32_1.0.200.202301161003/tools/bin/../lib/gcc/arm-none-eabi/10.3.1/../../../../arm-none-eabi/lib/thumb/v7e-m+fp/hard\libc_nano.a(lib_a-init.o)
                0x0000000008002e90                __libc_init_array
 .text.memset   0x0000000008002ed8       0x10 c:/program files/stm32cubeide_1.12.1/stm32cubeide/plugins/com.st.stm32cube.ide.mcu.externaltools.gnu-tools-for-stm32.10.3-2021.10.win32_1.0.200.202301161003/tools/bin/../lib/gcc/arm-none-eabi/10.3.1/../../../../arm-none-eabi/lib/thumb/v7e-m+fp/hard\libc_nano.a(lib_a-memset.o)
                0x0000000008002ed8                memset
 *(.glue_7)
 .glue_7        0x0000000008002ee8        0x0 linker stubs
 *(.glue_7t)
 .glue_7t       0x0000000008002ee8        0x0 linker stubs
 *(.eh_frame)
 .eh_frame      0x0000000008002ee8        0x0 c:/program files/stm32cubeide_1.12.1/stm32cubeide/plugins/com.st.stm32cube.ide.mcu.externaltools.gnu-tools-for-stm32.10.3-2021.10.win32_1.0.200.202301161003/tools/bin/../lib/gcc/arm-none-eabi/10.3.1/thumb/v7e-m+fp/hard/crtbegin.o
 *(.init)
 .init          0x0000000008002ee8        0x4 c:/program files/stm32cubeide_1.12.1/stm32cubeide/plugins/com.st.stm32cube.ide.mcu.externaltools.gnu-tools-for-stm32.10.3-2021.10.win32_1.0.200.202301161003/tools/bin/../lib/gcc/arm-none-eabi/10.3.1/thumb/v7e-m+fp/hard/crti.o
                0x0000000008002ee8                _init
 .init          0x0000000008002eec        0x8 c:/program files/stm32cubeide_1.12.1/stm32cubeide/plugins/com.st.stm32cube.ide.mcu.externaltools.gnu-tools-for-stm32.10.3-2021.10.win32_1.0.200.202301161003/tools/bin/../lib/gcc/arm-none-eabi/10.3.1/thumb/v7e-m+fp/hard/crtn.o
 *(.fini)
 .fini          0x0000000008002ef4        0x4 c:/program files/stm32cubeide_1.12.1/stm32cubeide/plugins/com.st.stm32cube.ide.mcu.externaltools.gnu-tools-for-stm32.10.3-2021.10.win32_1.0.200.202301161003/tools/bin/../lib/gcc/arm-none-eabi/10.3.1/thumb/v7e-m+fp/hard/crti.o
                0x0000000008002ef4                _fini
 .fini          0x0000000008002ef8        0x8 c:/program files/stm32cubeide_1.12.1/stm32cubeide/plugins/com.st.stm32cube.ide.mcu.externaltools.gnu-tools-for-stm32.10.3-2021.10.win32_1.0.200.202301161003/tools/bin/../lib/gcc/arm-none-eabi/10.3.1/thumb/v7e-m+fp/hard/crtn.o
                0x0000000008002f00                . = ALIGN (0x4)
                0x0000000008002f00                _etext = .

.vfp11_veneer   0x0000000008002f00        0x0
 .vfp11_veneer  0x0000000008002f00        0x0 linker stubs

.v4_bx          0x0000000008002f00        0x0
 .v4_bx         0x0000000008002f00        0x0 linker stubs

.iplt           0x0000000008002f00        0x0
 .iplt          0x0000000008002f00        0x0 c:/program files/stm32cubeide_1.12.1/stm32cubeide/plugins/com.st.stm32cube.ide.mcu.externaltools.gnu-tools-for-stm32.10.3-2021.10.win32_1.0.200.202301161003/tools/bin/../lib/gcc/arm-none-eabi/10.3.1/thumb/v7e-m+fp/hard/crtbegin.o

.rodata         0x0000000008002f00       0x40
                0x0000000008002f00                . = ALIGN (0x4)
 *(.rodata)
 *(.rodata*)
 .rodata.AHBPrescTable
                0x0000000008002f00       0x10 ./Core/Src/system_stm32l4xx.o
                0x0000000008002f00                AHBPrescTable
 .rodata.MSIRangeTable
                0x0000000008002f10       0x30 ./Core/Src/system_stm32l4xx.o
                0x0000000008002f10                MSIRangeTable
                0x0000000008002f40                . = ALIGN (0x4)

.rel.dyn        0x0000000008002f40        0x0
 .rel.iplt      0x0000000008002f40        0x0 c:/program files/stm32cubeide_1.12.1/stm32cubeide/plugins/com.st.stm32cube.ide.mcu.externaltools.gnu-tools-for-stm32.10.3-2021.10.win32_1.0.200.202301161003/tools/bin/../lib/gcc/arm-none-eabi/10.3.1/thumb/v7e-m+fp/hard/crtbegin.o

.ARM.extab      0x0000000008002f40        0x0
                0x0000000008002f40                . = ALIGN (0x4)
 *(.ARM.extab* .gnu.linkonce.armextab.*)
                0x0000000008002f40                . = ALIGN (0x4)

.ARM            0x0000000008002f40        0x0
                0x0000000008002f40                . = ALIGN (0x4)
                0x0000000008002f40                __exidx_start = .
 *(.ARM.exidx*)
                0x0000000008002f40                __exidx_end = .
                0x0000000008002f40                . = ALIGN (0x4)

.preinit_array  0x0000000008002f40        0x0
                0x0000000008002f40                . = ALIGN (0x4)
                0x0000000008002f40                PROVIDE (__preinit_array_start = .)
 *(.preinit_array*)
                0x0000000008002f40                PROVIDE (__preinit_array_end = .)
                0x0000000008002f40                . = ALIGN (0x4)

.init_array     0x0000000008002f40        0x4
                0x0000000008002f40                . = ALIGN (0x4)
                0x0000000008002f40                PROVIDE (__init_array_start = .)
 *(SORT_BY_NAME(.init_array.*))
 *(.init_array*)
 .init_array    0x0000000008002f40        0x4 c:/program files/stm32cubeide_1.12.1/stm32cubeide/plugins/com.st.stm32cube.ide.mcu.externaltools.gnu-tools-for-stm32.10.3-2021.10.win32_1.0.200.202301161003/tools/bin/../lib/gcc/arm-none-eabi/10.3.1/thumb/v7e-m+fp/hard/crtbegin.o
                0x0000000008002f44                PROVIDE (__init_array_end = .)
                0x0000000008002f44                . = ALIGN (0x4)

.fini_array     0x0000000008002f44        0x4
                0x0000000008002f44                . = ALIGN (0x4)
                [!provide]                        PROVIDE (__fini_array_start = .)
 *(SORT_BY_NAME(.fini_array.*))
 *(.fini_array*)
 .fini_array    0x0000000008002f44        0x4 c:/program files/stm32cubeide_1.12.1/stm32cubeide/plugins/com.st.stm32cube.ide.mcu.externaltools.gnu-tools-for-stm32.10.3-2021.10.win32_1.0.200.202301161003/tools/bin/../lib/gcc/arm-none-eabi/10.3.1/thumb/v7e-m+fp/hard/crtbegin.o
                [!provide]                        PROVIDE (__fini_array_end = .)
                0x0000000008002f48                . = ALIGN (0x4)
                0x0000000008002f48                _sidata = LOADADDR (.data)

.data           0x0000000020000000        0xc load address 0x0000000008002f48
                0x0000000020000000                . = ALIGN (0x4)
                0x0000000020000000                _sdata = .
 *(.data)
 *(.data*)
 .data.SystemCoreClock
                0x0000000020000000        0x4 ./Core/Src/system_stm32l4xx.o
                0x0000000020000000                SystemCoreClock
 .data.uwTickPrio
                0x0000000020000004        0x4 ./Drivers/STM32L4xx_HAL_Driver/Src/stm32l4xx_hal.o
                0x0000000020000004                uwTickPrio
 .data.uwTickFreq
                0x0000000020000008        0x1 ./Drivers/STM32L4xx_HAL_Driver/Src/stm32l4xx_hal.o
                0x0000000020000008                uwTickFreq
 *(.RamFunc)
 *(.RamFunc*)
                0x000000002000000c                . = ALIGN (0x4)
 *fill*         0x0000000020000009        0x3 
                0x000000002000000c                _edata = .

.igot.plt       0x000000002000000c        0x0 load address 0x0000000008002f54
 .igot.plt      0x000000002000000c        0x0 c:/program files/stm32cubeide_1.12.1/stm32cubeide/plugins/com.st.stm32cube.ide.mcu.externaltools.gnu-tools-for-stm32.10.3-2021.10.win32_1.0.200.202301161003/tools/bin/../lib/gcc/arm-none-eabi/10.3.1/thumb/v7e-m+fp/hard/crtbegin.o
                0x000000002000000c                . = ALIGN (0x4)

.bss            0x000000002000000c       0xb8 load address 0x0000000008002f54
                0x000000002000000c                _sbss = .
                0x000000002000000c                __bss_start__ = _sbss
 *(.bss)
 .bss           0x000000002000000c       0x1c c:/program files/stm32cubeide_1.12.1/stm32cubeide/plugins/com.st.stm32cube.ide.mcu.externaltools.gnu-tools-for-stm32.10.3-2021.10.win32_1.0.200.202301161003/tools/bin/../lib/gcc/arm-none-eabi/10.3.1/thumb/v7e-m+fp/hard/crtbegin.o
 *(.bss*)
 .bss.htim3     0x0000000020000028       0x4c ./Core/Src/main.o
                0x0000000020000028                htim3
 .bss.htim4     0x0000000020000074       0x4c ./Core/Src/main.o
                0x0000000020000074                htim4
 .bss.uwTick    0x00000000200000c0        0x4 ./Drivers/STM32L4xx_HAL_Driver/Src/stm32l4xx_hal.o
                0x00000000200000c0                uwTick
 *(COMMON)
                0x00000000200000c4                . = ALIGN (0x4)
                0x00000000200000c4                _ebss = .
                0x00000000200000c4                __bss_end__ = _ebss

._user_heap_stack
                0x00000000200000c4      0x604 load address 0x0000000008002f54
                0x00000000200000c8                . = ALIGN (0x8)
 *fill*         0x00000000200000c4        0x4 
                [!provide]                        PROVIDE (end = .)
                0x00000000200000c8                PROVIDE (_end = .)
                0x00000000200002c8                . = (. + _Min_Heap_Size)
 *fill*         0x00000000200000c8      0x200 
                0x00000000200006c8                . = (. + _Min_Stack_Size)
 *fill*         0x00000000200002c8      0x400 
                0x00000000200006c8                . = ALIGN (0x8)

/DISCARD/
 libc.a(*)
 libm.a(*)
 libgcc.a(*)

.ARM.attributes
                0x0000000000000000       0x30
 *(.ARM.attributes)
 .ARM.attributes
                0x0000000000000000       0x1e c:/program files/stm32cubeide_1.12.1/stm32cubeide/plugins/com.st.stm32cube.ide.mcu.externaltools.gnu-tools-for-stm32.10.3-2021.10.win32_1.0.200.202301161003/tools/bin/../lib/gcc/arm-none-eabi/10.3.1/thumb/v7e-m+fp/hard/crti.o
 .ARM.attributes
                0x000000000000001e       0x34 c:/program files/stm32cubeide_1.12.1/stm32cubeide/plugins/com.st.stm32cube.ide.mcu.externaltools.gnu-tools-for-stm32.10.3-2021.10.win32_1.0.200.202301161003/tools/bin/../lib/gcc/arm-none-eabi/10.3.1/thumb/v7e-m+fp/hard/crtbegin.o
 .ARM.attributes
                0x0000000000000052       0x34 ./Core/Src/main.o
 .ARM.attributes
                0x0000000000000086       0x34 ./Core/Src/stm32l4xx_hal_msp.o
 .ARM.attributes
                0x00000000000000ba       0x34 ./Core/Src/stm32l4xx_it.o
 .ARM.attributes
                0x00000000000000ee       0x34 ./Core/Src/system_stm32l4xx.o
 .ARM.attributes
                0x0000000000000122       0x21 ./Core/Startup/startup_stm32l476rgtx.o
 .ARM.attributes
                0x0000000000000143       0x34 ./Drivers/STM32L4xx_HAL_Driver/Src/stm32l4xx_hal.o
 .ARM.attributes
                0x0000000000000177       0x34 ./Drivers/STM32L4xx_HAL_Driver/Src/stm32l4xx_hal_cortex.o
 .ARM.attributes
                0x00000000000001ab       0x34 ./Drivers/STM32L4xx_HAL_Driver/Src/stm32l4xx_hal_gpio.o
 .ARM.attributes
                0x00000000000001df       0x34 ./Drivers/STM32L4xx_HAL_Driver/Src/stm32l4xx_hal_pwr_ex.o
 .ARM.attributes
                0x0000000000000213       0x34 ./Drivers/STM32L4xx_HAL_Driver/Src/stm32l4xx_hal_rcc.o
 .ARM.attributes
                0x0000000000000247       0x34 ./Drivers/STM32L4xx_HAL_Driver/Src/stm32l4xx_hal_tim.o
 .ARM.attributes
                0x000000000000027b       0x34 ./Drivers/STM32L4xx_HAL_Driver/Src/stm32l4xx_hal_tim_ex.o
 .ARM.attributes
                0x00000000000002af       0x34 c:/program files/stm32cubeide_1.12.1/stm32cubeide/plugins/com.st.stm32cube.ide.mcu.externaltools.gnu-tools-for-stm32.10.3-2021.10.win32_1.0.200.202301161003/tools/bin/../lib/gcc/arm-none-eabi/10.3.1/../../../../arm-none-eabi/lib/thumb/v7e-m+fp/hard\libc_nano.a(lib_a-init.o)
 .ARM.attributes
                0x00000000000002e3       0x34 c:/program files/stm32cubeide_1.12.1/stm32cubeide/plugins/com.st.stm32cube.ide.mcu.externaltools.gnu-tools-for-stm32.10.3-2021.10.win32_1.0.200.202301161003/tools/bin/../lib/gcc/arm-none-eabi/10.3.1/../../../../arm-none-eabi/lib/thumb/v7e-m+fp/hard\libc_nano.a(lib_a-memset.o)
 .ARM.attributes
                0x0000000000000317       0x1e c:/program files/stm32cubeide_1.12.1/stm32cubeide/plugins/com.st.stm32cube.ide.mcu.externaltools.gnu-tools-for-stm32.10.3-2021.10.win32_1.0.200.202301161003/tools/bin/../lib/gcc/arm-none-eabi/10.3.1/thumb/v7e-m+fp/hard/crtn.o
OUTPUT(Project_3_Timers.elf elf32-littlearm)
LOAD linker stubs
LOAD c:/program files/stm32cubeide_1.12.1/stm32cubeide/plugins/com.st.stm32cube.ide.mcu.externaltools.gnu-tools-for-stm32.10.3-2021.10.win32_1.0.200.202301161003/tools/bin/../lib/gcc/arm-none-eabi/10.3.1/../../../../arm-none-eabi/lib/thumb/v7e-m+fp/hard\libc.a
LOAD c:/program files/stm32cubeide_1.12.1/stm32cubeide/plugins/com.st.stm32cube.ide.mcu.externaltools.gnu-tools-for-stm32.10.3-2021.10.win32_1.0.200.202301161003/tools/bin/../lib/gcc/arm-none-eabi/10.3.1/../../../../arm-none-eabi/lib/thumb/v7e-m+fp/hard\libm.a
LOAD c:/program files/stm32cubeide_1.12.1/stm32cubeide/plugins/com.st.stm32cube.ide.mcu.externaltools.gnu-tools-for-stm32.10.3-2021.10.win32_1.0.200.202301161003/tools/bin/../lib/gcc/arm-none-eabi/10.3.1/thumb/v7e-m+fp/hard\libgcc.a

.debug_info     0x0000000000000000     0xa856
 .debug_info    0x0000000000000000     0x1047 ./Core/Src/main.o
 .debug_info    0x0000000000001047      0xc40 ./Core/Src/stm32l4xx_hal_msp.o
 .debug_info    0x0000000000001c87      0x782 ./Core/Src/stm32l4xx_it.o
 .debug_info    0x0000000000002409      0x5c6 ./Core/Src/system_stm32l4xx.o
 .debug_info    0x00000000000029cf       0x22 ./Core/Startup/startup_stm32l476rgtx.o
 .debug_info    0x00000000000029f1      0xc57 ./Drivers/STM32L4xx_HAL_Driver/Src/stm32l4xx_hal.o
 .debug_info    0x0000000000003648      0xe21 ./Drivers/STM32L4xx_HAL_Driver/Src/stm32l4xx_hal_cortex.o
 .debug_info    0x0000000000004469      0x821 ./Drivers/STM32L4xx_HAL_Driver/Src/stm32l4xx_hal_gpio.o
 .debug_info    0x0000000000004c8a      0x9f0 ./Drivers/STM32L4xx_HAL_Driver/Src/stm32l4xx_hal_pwr_ex.o
 .debug_info    0x000000000000567a      0xced ./Drivers/STM32L4xx_HAL_Driver/Src/stm32l4xx_hal_rcc.o
 .debug_info    0x0000000000006367     0x2d04 ./Drivers/STM32L4xx_HAL_Driver/Src/stm32l4xx_hal_tim.o
 .debug_info    0x000000000000906b     0x17eb ./Drivers/STM32L4xx_HAL_Driver/Src/stm32l4xx_hal_tim_ex.o

.debug_abbrev   0x0000000000000000     0x1748
 .debug_abbrev  0x0000000000000000      0x272 ./Core/Src/main.o
 .debug_abbrev  0x0000000000000272      0x19f ./Core/Src/stm32l4xx_hal_msp.o
 .debug_abbrev  0x0000000000000411      0x184 ./Core/Src/stm32l4xx_it.o
 .debug_abbrev  0x0000000000000595      0x116 ./Core/Src/system_stm32l4xx.o
 .debug_abbrev  0x00000000000006ab       0x12 ./Core/Startup/startup_stm32l476rgtx.o
 .debug_abbrev  0x00000000000006bd      0x23a ./Drivers/STM32L4xx_HAL_Driver/Src/stm32l4xx_hal.o
 .debug_abbrev  0x00000000000008f7      0x316 ./Drivers/STM32L4xx_HAL_Driver/Src/stm32l4xx_hal_cortex.o
 .debug_abbrev  0x0000000000000c0d      0x1bb ./Drivers/STM32L4xx_HAL_Driver/Src/stm32l4xx_hal_gpio.o
 .debug_abbrev  0x0000000000000dc8      0x1f3 ./Drivers/STM32L4xx_HAL_Driver/Src/stm32l4xx_hal_pwr_ex.o
 .debug_abbrev  0x0000000000000fbb      0x2bd ./Drivers/STM32L4xx_HAL_Driver/Src/stm32l4xx_hal_rcc.o
 .debug_abbrev  0x0000000000001278      0x264 ./Drivers/STM32L4xx_HAL_Driver/Src/stm32l4xx_hal_tim.o
 .debug_abbrev  0x00000000000014dc      0x26c ./Drivers/STM32L4xx_HAL_Driver/Src/stm32l4xx_hal_tim_ex.o

.debug_aranges  0x0000000000000000      0xb48
 .debug_aranges
                0x0000000000000000       0x58 ./Core/Src/main.o
 .debug_aranges
                0x0000000000000058       0x40 ./Core/Src/stm32l4xx_hal_msp.o
 .debug_aranges
                0x0000000000000098       0x70 ./Core/Src/stm32l4xx_it.o
 .debug_aranges
                0x0000000000000108       0x28 ./Core/Src/system_stm32l4xx.o
 .debug_aranges
                0x0000000000000130       0x28 ./Core/Startup/startup_stm32l476rgtx.o
 .debug_aranges
                0x0000000000000158      0x130 ./Drivers/STM32L4xx_HAL_Driver/Src/stm32l4xx_hal.o
 .debug_aranges
                0x0000000000000288      0x118 ./Drivers/STM32L4xx_HAL_Driver/Src/stm32l4xx_hal_cortex.o
 .debug_aranges
                0x00000000000003a0       0x58 ./Drivers/STM32L4xx_HAL_Driver/Src/stm32l4xx_hal_gpio.o
 .debug_aranges
                0x00000000000003f8      0x160 ./Drivers/STM32L4xx_HAL_Driver/Src/stm32l4xx_hal_pwr_ex.o
 .debug_aranges
                0x0000000000000558       0x90 ./Drivers/STM32L4xx_HAL_Driver/Src/stm32l4xx_hal_rcc.o
 .debug_aranges
                0x00000000000005e8      0x3e0 ./Drivers/STM32L4xx_HAL_Driver/Src/stm32l4xx_hal_tim.o
 .debug_aranges
                0x00000000000009c8      0x180 ./Drivers/STM32L4xx_HAL_Driver/Src/stm32l4xx_hal_tim_ex.o

.debug_ranges   0x0000000000000000      0xa90
 .debug_ranges  0x0000000000000000       0x48 ./Core/Src/main.o
 .debug_ranges  0x0000000000000048       0x30 ./Core/Src/stm32l4xx_hal_msp.o
 .debug_ranges  0x0000000000000078       0x60 ./Core/Src/stm32l4xx_it.o
 .debug_ranges  0x00000000000000d8       0x18 ./Core/Src/system_stm32l4xx.o
 .debug_ranges  0x00000000000000f0       0x20 ./Core/Startup/startup_stm32l476rgtx.o
 .debug_ranges  0x0000000000000110      0x120 ./Drivers/STM32L4xx_HAL_Driver/Src/stm32l4xx_hal.o
 .debug_ranges  0x0000000000000230      0x108 ./Drivers/STM32L4xx_HAL_Driver/Src/stm32l4xx_hal_cortex.o
 .debug_ranges  0x0000000000000338       0x48 ./Drivers/STM32L4xx_HAL_Driver/Src/stm32l4xx_hal_gpio.o
 .debug_ranges  0x0000000000000380      0x150 ./Drivers/STM32L4xx_HAL_Driver/Src/stm32l4xx_hal_pwr_ex.o
 .debug_ranges  0x00000000000004d0       0x80 ./Drivers/STM32L4xx_HAL_Driver/Src/stm32l4xx_hal_rcc.o
 .debug_ranges  0x0000000000000550      0x3d0 ./Drivers/STM32L4xx_HAL_Driver/Src/stm32l4xx_hal_tim.o
 .debug_ranges  0x0000000000000920      0x170 ./Drivers/STM32L4xx_HAL_Driver/Src/stm32l4xx_hal_tim_ex.o

.debug_macro    0x0000000000000000    0x25ae6
 .debug_macro   0x0000000000000000      0x266 ./Core/Src/main.o
 .debug_macro   0x0000000000000266      0xa78 ./Core/Src/main.o
 .debug_macro   0x0000000000000cde      0x1a1 ./Core/Src/main.o
 .debug_macro   0x0000000000000e7f       0x2e ./Core/Src/main.o
 .debug_macro   0x0000000000000ead       0x28 ./Core/Src/main.o
 .debug_macro   0x0000000000000ed5       0x22 ./Core/Src/main.o
 .debug_macro   0x0000000000000ef7       0x8e ./Core/Src/main.o
 .debug_macro   0x0000000000000f85       0x51 ./Core/Src/main.o
 .debug_macro   0x0000000000000fd6      0x103 ./Core/Src/main.o
 .debug_macro   0x00000000000010d9       0x6a ./Core/Src/main.o
 .debug_macro   0x0000000000001143      0x1df ./Core/Src/main.o
 .debug_macro   0x0000000000001322       0x1c ./Core/Src/main.o
 .debug_macro   0x000000000000133e       0x22 ./Core/Src/main.o
 .debug_macro   0x0000000000001360       0xfb ./Core/Src/main.o
 .debug_macro   0x000000000000145b     0x1011 ./Core/Src/main.o
 .debug_macro   0x000000000000246c      0x11f ./Core/Src/main.o
 .debug_macro   0x000000000000258b    0x1a17a ./Core/Src/main.o
 .debug_macro   0x000000000001c705       0x6d ./Core/Src/main.o
 .debug_macro   0x000000000001c772     0x38e6 ./Core/Src/main.o
 .debug_macro   0x0000000000020058      0x174 ./Core/Src/main.o
 .debug_macro   0x00000000000201cc       0x5c ./Core/Src/main.o
 .debug_macro   0x0000000000020228     0x159e ./Core/Src/main.o
 .debug_macro   0x00000000000217c6      0x5a5 ./Core/Src/main.o
 .debug_macro   0x0000000000021d6b      0x1b9 ./Core/Src/main.o
 .debug_macro   0x0000000000021f24      0x18b ./Core/Src/main.o
 .debug_macro   0x00000000000220af      0x26b ./Core/Src/main.o
 .debug_macro   0x000000000002231a      0x23d ./Core/Src/main.o
 .debug_macro   0x0000000000022557      0x241 ./Core/Src/main.o
 .debug_macro   0x0000000000022798      0x37c ./Core/Src/main.o
 .debug_macro   0x0000000000022b14       0xd6 ./Core/Src/main.o
 .debug_macro   0x0000000000022bea      0x122 ./Core/Src/main.o
 .debug_macro   0x0000000000022d0c      0x3ef ./Core/Src/main.o
 .debug_macro   0x00000000000230fb      0xa91 ./Core/Src/main.o
 .debug_macro   0x0000000000023b8c      0x1e6 ./Core/Src/main.o
 .debug_macro   0x0000000000023d72      0x330 ./Core/Src/main.o
 .debug_macro   0x00000000000240a2       0x40 ./Core/Src/main.o
 .debug_macro   0x00000000000240e2       0x52 ./Core/Src/main.o
 .debug_macro   0x0000000000024134       0x1e ./Core/Src/main.o
 .debug_macro   0x0000000000024152       0x3c ./Core/Src/main.o
 .debug_macro   0x000000000002418e       0x34 ./Core/Src/main.o
 .debug_macro   0x00000000000241c2       0x16 ./Core/Src/main.o
 .debug_macro   0x00000000000241d8       0x43 ./Core/Src/main.o
 .debug_macro   0x000000000002421b       0x34 ./Core/Src/main.o
 .debug_macro   0x000000000002424f       0x10 ./Core/Src/main.o
 .debug_macro   0x000000000002425f       0x58 ./Core/Src/main.o
 .debug_macro   0x00000000000242b7       0x71 ./Core/Src/main.o
 .debug_macro   0x0000000000024328       0x1c ./Core/Src/main.o
 .debug_macro   0x0000000000024344      0x12a ./Core/Src/main.o
 .debug_macro   0x000000000002446e      0x341 ./Core/Src/main.o
 .debug_macro   0x00000000000247af      0x19b ./Core/Src/main.o
 .debug_macro   0x000000000002494a      0x1bb ./Core/Src/stm32l4xx_hal_msp.o
 .debug_macro   0x0000000000024b05      0x1c5 ./Core/Src/stm32l4xx_it.o
 .debug_macro   0x0000000000024cca      0x1ac ./Core/Src/system_stm32l4xx.o
 .debug_macro   0x0000000000024e76      0x1fa ./Drivers/STM32L4xx_HAL_Driver/Src/stm32l4xx_hal.o
 .debug_macro   0x0000000000025070      0x1ac ./Drivers/STM32L4xx_HAL_Driver/Src/stm32l4xx_hal_cortex.o
 .debug_macro   0x000000000002521c      0x1b3 ./Drivers/STM32L4xx_HAL_Driver/Src/stm32l4xx_hal_gpio.o
 .debug_macro   0x00000000000253cf      0x1d0 ./Drivers/STM32L4xx_HAL_Driver/Src/stm32l4xx_hal_pwr_ex.o
 .debug_macro   0x000000000002559f      0x1ee ./Drivers/STM32L4xx_HAL_Driver/Src/stm32l4xx_hal_rcc.o
 .debug_macro   0x000000000002578d      0x1ad ./Drivers/STM32L4xx_HAL_Driver/Src/stm32l4xx_hal_tim.o
 .debug_macro   0x000000000002593a      0x1ac ./Drivers/STM32L4xx_HAL_Driver/Src/stm32l4xx_hal_tim_ex.o

.debug_line     0x0000000000000000     0xb771
 .debug_line    0x0000000000000000      0x9f5 ./Core/Src/main.o
 .debug_line    0x00000000000009f5      0x733 ./Core/Src/stm32l4xx_hal_msp.o
 .debug_line    0x0000000000001128      0x7b0 ./Core/Src/stm32l4xx_it.o
 .debug_line    0x00000000000018d8      0x755 ./Core/Src/system_stm32l4xx.o
 .debug_line    0x000000000000202d       0x88 ./Core/Startup/startup_stm32l476rgtx.o
 .debug_line    0x00000000000020b5      0xaae ./Drivers/STM32L4xx_HAL_Driver/Src/stm32l4xx_hal.o
 .debug_line    0x0000000000002b63      0xc54 ./Drivers/STM32L4xx_HAL_Driver/Src/stm32l4xx_hal_cortex.o
 .debug_line    0x00000000000037b7      0xb21 ./Drivers/STM32L4xx_HAL_Driver/Src/stm32l4xx_hal_gpio.o
 .debug_line    0x00000000000042d8      0xca5 ./Drivers/STM32L4xx_HAL_Driver/Src/stm32l4xx_hal_pwr_ex.o
 .debug_line    0x0000000000004f7d      0xf27 ./Drivers/STM32L4xx_HAL_Driver/Src/stm32l4xx_hal_rcc.o
 .debug_line    0x0000000000005ea4     0x3d1a ./Drivers/STM32L4xx_HAL_Driver/Src/stm32l4xx_hal_tim.o
 .debug_line    0x0000000000009bbe     0x1bb3 ./Drivers/STM32L4xx_HAL_Driver/Src/stm32l4xx_hal_tim_ex.o

.debug_str      0x0000000000000000    0xec31b
 .debug_str     0x0000000000000000    0xe960c ./Core/Src/main.o
                                      0xe9988 (size before relaxing)
 .debug_str     0x00000000000e960c      0x517 ./Core/Src/stm32l4xx_hal_msp.o
                                      0xe6445 (size before relaxing)
 .debug_str     0x00000000000e9b23       0xfc ./Core/Src/stm32l4xx_it.o
                                      0xe5e44 (size before relaxing)
 .debug_str     0x00000000000e9c1f       0xfc ./Core/Src/system_stm32l4xx.o
                                      0xe59af (size before relaxing)
 .debug_str     0x00000000000e9d1b       0x36 ./Core/Startup/startup_stm32l476rgtx.o
                                         0x70 (size before relaxing)
 .debug_str     0x00000000000e9d51      0x6b1 ./Drivers/STM32L4xx_HAL_Driver/Src/stm32l4xx_hal.o
                                      0xe65ae (size before relaxing)
 .debug_str     0x00000000000ea402      0x31d ./Drivers/STM32L4xx_HAL_Driver/Src/stm32l4xx_hal_cortex.o
                                      0xe61f6 (size before relaxing)
 .debug_str     0x00000000000ea71f      0x138 ./Drivers/STM32L4xx_HAL_Driver/Src/stm32l4xx_hal_gpio.o
                                      0xe5b28 (size before relaxing)
 .debug_str     0x00000000000ea857      0x4e3 ./Drivers/STM32L4xx_HAL_Driver/Src/stm32l4xx_hal_pwr_ex.o
                                      0xe5f0a (size before relaxing)
 .debug_str     0x00000000000ead3a      0x345 ./Drivers/STM32L4xx_HAL_Driver/Src/stm32l4xx_hal_rcc.o
                                      0xe5ff5 (size before relaxing)
 .debug_str     0x00000000000eb07f      0xd14 ./Drivers/STM32L4xx_HAL_Driver/Src/stm32l4xx_hal_tim.o
                                      0xe6cdf (size before relaxing)
 .debug_str     0x00000000000ebd93      0x588 ./Drivers/STM32L4xx_HAL_Driver/Src/stm32l4xx_hal_tim_ex.o
                                      0xe6603 (size before relaxing)

.comment        0x0000000000000000       0x50
 .comment       0x0000000000000000       0x50 ./Core/Src/main.o
                                         0x51 (size before relaxing)
 .comment       0x0000000000000050       0x51 ./Core/Src/stm32l4xx_hal_msp.o
 .comment       0x0000000000000050       0x51 ./Core/Src/stm32l4xx_it.o
 .comment       0x0000000000000050       0x51 ./Core/Src/system_stm32l4xx.o
 .comment       0x0000000000000050       0x51 ./Drivers/STM32L4xx_HAL_Driver/Src/stm32l4xx_hal.o
 .comment       0x0000000000000050       0x51 ./Drivers/STM32L4xx_HAL_Driver/Src/stm32l4xx_hal_cortex.o
 .comment       0x0000000000000050       0x51 ./Drivers/STM32L4xx_HAL_Driver/Src/stm32l4xx_hal_gpio.o
 .comment       0x0000000000000050       0x51 ./Drivers/STM32L4xx_HAL_Driver/Src/stm32l4xx_hal_pwr_ex.o
 .comment       0x0000000000000050       0x51 ./Drivers/STM32L4xx_HAL_Driver/Src/stm32l4xx_hal_rcc.o
 .comment       0x0000000000000050       0x51 ./Drivers/STM32L4xx_HAL_Driver/Src/stm32l4xx_hal_tim.o
 .comment       0x0000000000000050       0x51 ./Drivers/STM32L4xx_HAL_Driver/Src/stm32l4xx_hal_tim_ex.o

.debug_frame    0x0000000000000000     0x2eac
 .debug_frame   0x0000000000000000      0x11c ./Core/Src/main.o
 .debug_frame   0x000000000000011c       0xc8 ./Core/Src/stm32l4xx_hal_msp.o
 .debug_frame   0x00000000000001e4      0x13c ./Core/Src/stm32l4xx_it.o
 .debug_frame   0x0000000000000320       0x58 ./Core/Src/system_stm32l4xx.o
 .debug_frame   0x0000000000000378      0x498 ./Drivers/STM32L4xx_HAL_Driver/Src/stm32l4xx_hal.o
 .debug_frame   0x0000000000000810      0x498 ./Drivers/STM32L4xx_HAL_Driver/Src/stm32l4xx_hal_cortex.o
 .debug_frame   0x0000000000000ca8      0x14c ./Drivers/STM32L4xx_HAL_Driver/Src/stm32l4xx_hal_gpio.o
 .debug_frame   0x0000000000000df4      0x584 ./Drivers/STM32L4xx_HAL_Driver/Src/stm32l4xx_hal_pwr_ex.o
 .debug_frame   0x0000000000001378      0x21c ./Drivers/STM32L4xx_HAL_Driver/Src/stm32l4xx_hal_rcc.o
 .debug_frame   0x0000000000001594     0x121c ./Drivers/STM32L4xx_HAL_Driver/Src/stm32l4xx_hal_tim.o
 .debug_frame   0x00000000000027b0      0x6b0 ./Drivers/STM32L4xx_HAL_Driver/Src/stm32l4xx_hal_tim_ex.o
 .debug_frame   0x0000000000002e60       0x2c c:/program files/stm32cubeide_1.12.1/stm32cubeide/plugins/com.st.stm32cube.ide.mcu.externaltools.gnu-tools-for-stm32.10.3-2021.10.win32_1.0.200.202301161003/tools/bin/../lib/gcc/arm-none-eabi/10.3.1/../../../../arm-none-eabi/lib/thumb/v7e-m+fp/hard\libc_nano.a(lib_a-init.o)
 .debug_frame   0x0000000000002e8c       0x20 c:/program files/stm32cubeide_1.12.1/stm32cubeide/plugins/com.st.stm32cube.ide.mcu.externaltools.gnu-tools-for-stm32.10.3-2021.10.win32_1.0.200.202301161003/tools/bin/../lib/gcc/arm-none-eabi/10.3.1/../../../../arm-none-eabi/lib/thumb/v7e-m+fp/hard\libc_nano.a(lib_a-memset.o)
